  Determining projects to restore...
  All projects are up-to-date for restore.
  WebScraper.Domain -> D:\web-scraper\src\WebScraper.Domain\bin\Debug\net10.0\WebScraper.Domain.dll
  WebScraper.Application -> D:\web-scraper\src\WebScraper.Application\bin\Debug\net10.0\WebScraper.Application.dll
  WebScraper.Infrastructure -> D:\web-scraper\src\WebScraper.Infrastructure\bin\Debug\net10.0\WebScraper.Infrastructure.dll
D:\web-scraper\src\WebScraper.CLI\Program.cs(71,23): error CS0136: A local or parameter named 'args' cannot be declared in this scope because that name is used in an enclosing local scope to define a local or parameter [D:\web-scraper\src\WebScraper.CLI\WebScraper.CLI.csproj]
D:\web-scraper\src\WebScraper.CLI\Helpers\ConsoleHelper.cs(91,13): warning CS0219: The variable 'inAttribute' is assigned but its value is never used [D:\web-scraper\src\WebScraper.CLI\WebScraper.CLI.csproj]
D:\web-scraper\src\WebScraper.CLI\Helpers\ConsoleHelper.cs(92,13): warning CS0219: The variable 'inAttributeValue' is assigned but its value is never used [D:\web-scraper\src\WebScraper.CLI\WebScraper.CLI.csproj]

Build FAILED.

D:\web-scraper\src\WebScraper.CLI\Helpers\ConsoleHelper.cs(91,13): warning CS0219: The variable 'inAttribute' is assigned but its value is never used [D:\web-scraper\src\WebScraper.CLI\WebScraper.CLI.csproj]
D:\web-scraper\src\WebScraper.CLI\Helpers\ConsoleHelper.cs(92,13): warning CS0219: The variable 'inAttributeValue' is assigned but its value is never used [D:\web-scraper\src\WebScraper.CLI\WebScraper.CLI.csproj]
D:\web-scraper\src\WebScraper.CLI\Program.cs(71,23): error CS0136: A local or parameter named 'args' cannot be declared in this scope because that name is used in an enclosing local scope to define a local or parameter [D:\web-scraper\src\WebScraper.CLI\WebScraper.CLI.csproj]
    2 Warning(s)
    1 Error(s)

Time Elapsed 00:00:02.57
